// Jest Snapshot v1, https://goo.gl/fbAQLP

exports[`renders WaitingFriendGamePage snapshot 1`] = `
<div>
  <div
    class="chakra-container css-u5dkod"
  >
    <div
      class="css-d5gdhc"
    >
      <div
        class="chakra-card css-1cdm8x8"
      >
        <h2
          class="chakra-heading css-zx6l2c"
        >
          games.send_link_to_your_friend
        </h2>
        <div
          class="css-k008qs"
        >
          <input
            aria-readonly="true"
            class="chakra-input css-1etgquo"
            placeholder="games.game_url"
            readonly=""
            value="http://localhost/"
          />
          <button
            class="chakra-button css-4xx2wk"
            type="button"
          >
            games.copy
          </button>
        </div>
      </div>
    </div>
  </div>
</div>
`;
