// Jest Snapshot v1, https://goo.gl/fbAQLP

exports[`renders ErrorPage snapshot 1`] = `
<div>
  <div
    class="chakra-container css-vl7sen"
  >
    <div
      class="chakra-stack css-1kbzohu"
    >
      <h2
        class="chakra-heading css-zov4ca"
      >
        Oops! Something went wrong.
      </h2>
      <p
        class="chakra-text css-0"
      >
        We're sorry, but there was an error processing your request. Please try again later.
      </p>
    </div>
  </div>
</div>
`;
